- tablist:
  - tabpanel:
    - navigation:
      - menu:
        - menuitem "What's New"
        - menuitem " Women"
        - menuitem " Men"
        - menuitem " Gear"
        - menuitem " Training"
        - menuitem "Sale"